nohup: ignorando entrada
Comparacao estatistica com baseline - Experimentos 02-04
Data/Hora: dom 20 set 2026 17:48:55 -03
Datasets: dblp ncvoter musicbrainz
Experimentos: experimento-descarte-velho.py
Repeticoes: 10, Seed inicial: 20260907

Verificando arquivos de baseline...
Encontrado: resultados-exp-01-base-dblp.csv (11 linhas)
Encontrado: resultados-exp-01-base-ncvoter.csv (11 linhas)
Encontrado: resultados-exp-01-base-musicbrainz.csv (11 linhas)
Todos os baselines foram encontrados.
Iniciando 3 combinacoes.

Experimento: descarte-velho | Dataset: dblp
Resultados salvos: resultados-exp-descarte-velho-dblp.csv (11 linhas)

Experimento: descarte-velho | Dataset: ncvoter
Resultados salvos: resultados-exp-descarte-velho-ncvoter.csv (11 linhas)

Experimento: descarte-velho | Dataset: musicbrainz
Resultados salvos: resultados-exp-descarte-velho-musicbrainz.csv (11 linhas)

Comparacao concluida com sucesso.
Log salvo em: comparacao-resultados.txt
